// Jest Snapshot v1, https://goo.gl/fbAQLP

exports[`Hero Section  should render the Hero section  1`] = `
{
  "asFragment": [Function],
  "baseElement": <body>
    <div>
      <section
        class="hero-section site-section"
      >
        <div
          class="wrapper w-image"
        >
          <div
            class="hero-content section-content"
          >
            <h1
              class="font-semibold text-5xl leading-normal"
            >
              The only paymasters access infrastructure you will need
            </h1>
            <p>
              Using paymasters to simplify zk transactions and provide superior UX to dapps.
            </p>
            <a
              href="/"
            >
              <button
                class="cta"
              >
                Launch App
              </button>
            </a>
          </div>
          <div
            class="hero-img-cont section-img-cont"
          >
            <img
              alt="Paymaster Hero Illustration"
              data-nimg="1"
              decoding="async"
              height="40"
              loading="lazy"
              src="/_next/image?url=%2Fimg.jpg&w=96&q=75"
              srcset="/_next/image?url=%2Fimg.jpg&w=48&q=75 1x, /_next/image?url=%2Fimg.jpg&w=96&q=75 2x"
              style="color: transparent;"
              width="40"
            />
          </div>
        </div>
      </section>
    </div>
  </body>,
  "container": <div>
    <section
      class="hero-section site-section"
    >
      <div
        class="wrapper w-image"
      >
        <div
          class="hero-content section-content"
        >
          <h1
            class="font-semibold text-5xl leading-normal"
          >
            The only paymasters access infrastructure you will need
          </h1>
          <p>
            Using paymasters to simplify zk transactions and provide superior UX to dapps.
          </p>
          <a
            href="/"
          >
            <button
              class="cta"
            >
              Launch App
            </button>
          </a>
        </div>
        <div
          class="hero-img-cont section-img-cont"
        >
          <img
            alt="Paymaster Hero Illustration"
            data-nimg="1"
            decoding="async"
            height="40"
            loading="lazy"
            src="/_next/image?url=%2Fimg.jpg&w=96&q=75"
            srcset="/_next/image?url=%2Fimg.jpg&w=48&q=75 1x, /_next/image?url=%2Fimg.jpg&w=96&q=75 2x"
            style="color: transparent;"
            width="40"
          />
        </div>
      </div>
    </section>
  </div>,
  "debug": [Function],
  "findAllByAltText": [Function],
  "findAllByDisplayValue": [Function],
  "findAllByLabelText": [Function],
  "findAllByPlaceholderText": [Function],
  "findAllByRole": [Function],
  "findAllByTestId": [Function],
  "findAllByText": [Function],
  "findAllByTitle": [Function],
  "findByAltText": [Function],
  "findByDisplayValue": [Function],
  "findByLabelText": [Function],
  "findByPlaceholderText": [Function],
  "findByRole": [Function],
  "findByTestId": [Function],
  "findByText": [Function],
  "findByTitle": [Function],
  "getAllByAltText": [Function],
  "getAllByDisplayValue": [Function],
  "getAllByLabelText": [Function],
  "getAllByPlaceholderText": [Function],
  "getAllByRole": [Function],
  "getAllByTestId": [Function],
  "getAllByText": [Function],
  "getAllByTitle": [Function],
  "getByAltText": [Function],
  "getByDisplayValue": [Function],
  "getByLabelText": [Function],
  "getByPlaceholderText": [Function],
  "getByRole": [Function],
  "getByTestId": [Function],
  "getByText": [Function],
  "getByTitle": [Function],
  "queryAllByAltText": [Function],
  "queryAllByDisplayValue": [Function],
  "queryAllByLabelText": [Function],
  "queryAllByPlaceholderText": [Function],
  "queryAllByRole": [Function],
  "queryAllByTestId": [Function],
  "queryAllByText": [Function],
  "queryAllByTitle": [Function],
  "queryByAltText": [Function],
  "queryByDisplayValue": [Function],
  "queryByLabelText": [Function],
  "queryByPlaceholderText": [Function],
  "queryByRole": [Function],
  "queryByTestId": [Function],
  "queryByText": [Function],
  "queryByTitle": [Function],
  "rerender": [Function],
  "unmount": [Function],
}
`;
