// Jest Snapshot v1, https://goo.gl/fbAQLP

exports[`Layout of the Landing page  should render the child components  1`] = `
{
  "asFragment": [Function],
  "baseElement": <body>
    <div>
      <header
        class="site-header"
      >
        <div
          class="wrapper"
        >
          <div
            class="site-logo"
          >
            <img
              alt="Paymaster Logo"
              data-nimg="1"
              decoding="async"
              height="28"
              loading="lazy"
              src="/_next/image?url=%2Fimg.jpg&w=64&q=75"
              srcset="/_next/image?url=%2Fimg.jpg&w=32&q=75 1x, /_next/image?url=%2Fimg.jpg&w=64&q=75 2x"
              style="color: transparent;"
              width="28"
            />
            <span
              class="logo-text"
            >
              Paymasters
            </span>
          </div>
          <nav
            class="site-nav "
          >
            <div
              class="wrapper"
            >
              <ul
                class="nav-list"
              >
                <li
                  class="nav-item"
                >
                  <a
                    href="/dev"
                  >
                    Docs
                  </a>
                </li>
                <div
                  class="nav-item"
                >
                  <a
                    href="/"
                  >
                    <button
                      class="cta"
                    >
                      Launch App
                    </button>
                  </a>
                </div>
              </ul>
            </div>
          </nav>
          <button
            class="cta site-nav-btn"
          >
            <svg
              aria-hidden="true"
              class="icon"
              fill="none"
              stroke="currentColor"
              stroke-width="1.5"
              viewBox="0 0 24 24"
              xmlns="http://www.w3.org/2000/svg"
            >
              <path
                d="M3.75 9h16.5m-16.5 6.75h16.5"
                stroke-linecap="round"
                stroke-linejoin="round"
              />
            </svg>
          </button>
        </div>
      </header>
      <main>
         
        <section
          class="hero-section site-section"
        >
          <div
            class="wrapper w-image"
          >
            <div
              class="hero-content section-content"
            >
              <h1
                class="font-semibold text-5xl leading-normal"
              >
                The only paymasters access infrastructure you will need
              </h1>
              <p>
                Using paymasters to simplify zk transactions and provide superior UX to dapps.
              </p>
              <a
                href="/"
              >
                <button
                  class="cta"
                >
                  Launch App
                </button>
              </a>
            </div>
            <div
              class="hero-img-cont section-img-cont"
            >
              <img
                alt="Paymaster Hero Illustration"
                data-nimg="1"
                decoding="async"
                height="40"
                loading="lazy"
                src="/_next/image?url=%2Fimg.jpg&w=96&q=75"
                srcset="/_next/image?url=%2Fimg.jpg&w=48&q=75 1x, /_next/image?url=%2Fimg.jpg&w=96&q=75 2x"
                style="color: transparent;"
                width="40"
              />
            </div>
          </div>
        </section>
         
      </main>
      <footer
        class="site-footer site-section"
      >
        <div
          class="wrapper"
        >
          <section
            class="logo-form-section"
          >
            <div
              class="site-logo"
            >
              <img
                alt="Paymaster Logo"
                data-nimg="1"
                decoding="async"
                height="28"
                loading="lazy"
                src="/_next/image?url=%2Fimg.jpg&w=64&q=75"
                srcset="/_next/image?url=%2Fimg.jpg&w=32&q=75 1x, /_next/image?url=%2Fimg.jpg&w=64&q=75 2x"
                style="color: transparent;"
                width="28"
              />
              <span
                class="logo-text"
              >
                Paymasters
              </span>
            </div>
            <form
              class="newsletter-form"
            >
              <div
                class="form-header"
              >
                Subscribe to our news letter
              </div>
              <div
                class="form-group"
              >
                <div
                  class="form-control"
                >
                  <input
                    class="form-input"
                    placeholder="Enter your Email"
                    type="text"
                  />
                </div>
                <button
                  class="cta"
                >
                  Subscribe
                </button>
              </div>
            </form>
          </section>
          <section
            class="links-section"
          >
            <p
              class="copy"
            >
              â’¸ 2023 Paymasters. All rights reserved
            </p>
            <div
              class="links"
            >
              <ul
                class="socials links-list"
              >
                <li
                  class="link-item"
                >
                  <a
                    href="#"
                  >
                    Discord
                  </a>
                </li>
                <li
                  class="link-item"
                >
                  <a
                    href="#"
                  >
                    Telegram
                  </a>
                </li>
                <li
                  class="link-item"
                >
                  <a
                    href="#"
                  >
                    Twitter
                  </a>
                </li>
                <li
                  class="link-item"
                >
                  <a
                    href="#"
                  >
                    GitHub
                  </a>
                </li>
              </ul>
              <ul
                class="site links-list"
              >
                <li
                  class="link-item"
                >
                  <a
                    href="/dev"
                  >
                    Contact
                  </a>
                </li>
                <li
                  class="link-item"
                >
                  <a
                    href="/dev"
                  >
                    Privacy
                  </a>
                </li>
              </ul>
            </div>
          </section>
        </div>
      </footer>
    </div>
  </body>,
  "container": <div>
    <header
      class="site-header"
    >
      <div
        class="wrapper"
      >
        <div
          class="site-logo"
        >
          <img
            alt="Paymaster Logo"
            data-nimg="1"
            decoding="async"
            height="28"
            loading="lazy"
            src="/_next/image?url=%2Fimg.jpg&w=64&q=75"
            srcset="/_next/image?url=%2Fimg.jpg&w=32&q=75 1x, /_next/image?url=%2Fimg.jpg&w=64&q=75 2x"
            style="color: transparent;"
            width="28"
          />
          <span
            class="logo-text"
          >
            Paymasters
          </span>
        </div>
        <nav
          class="site-nav "
        >
          <div
            class="wrapper"
          >
            <ul
              class="nav-list"
            >
              <li
                class="nav-item"
              >
                <a
                  href="/dev"
                >
                  Docs
                </a>
              </li>
              <div
                class="nav-item"
              >
                <a
                  href="/"
                >
                  <button
                    class="cta"
                  >
                    Launch App
                  </button>
                </a>
              </div>
            </ul>
          </div>
        </nav>
        <button
          class="cta site-nav-btn"
        >
          <svg
            aria-hidden="true"
            class="icon"
            fill="none"
            stroke="currentColor"
            stroke-width="1.5"
            viewBox="0 0 24 24"
            xmlns="http://www.w3.org/2000/svg"
          >
            <path
              d="M3.75 9h16.5m-16.5 6.75h16.5"
              stroke-linecap="round"
              stroke-linejoin="round"
            />
          </svg>
        </button>
      </div>
    </header>
    <main>
       
      <section
        class="hero-section site-section"
      >
        <div
          class="wrapper w-image"
        >
          <div
            class="hero-content section-content"
          >
            <h1
              class="font-semibold text-5xl leading-normal"
            >
              The only paymasters access infrastructure you will need
            </h1>
            <p>
              Using paymasters to simplify zk transactions and provide superior UX to dapps.
            </p>
            <a
              href="/"
            >
              <button
                class="cta"
              >
                Launch App
              </button>
            </a>
          </div>
          <div
            class="hero-img-cont section-img-cont"
          >
            <img
              alt="Paymaster Hero Illustration"
              data-nimg="1"
              decoding="async"
              height="40"
              loading="lazy"
              src="/_next/image?url=%2Fimg.jpg&w=96&q=75"
              srcset="/_next/image?url=%2Fimg.jpg&w=48&q=75 1x, /_next/image?url=%2Fimg.jpg&w=96&q=75 2x"
              style="color: transparent;"
              width="40"
            />
          </div>
        </div>
      </section>
       
    </main>
    <footer
      class="site-footer site-section"
    >
      <div
        class="wrapper"
      >
        <section
          class="logo-form-section"
        >
          <div
            class="site-logo"
          >
            <img
              alt="Paymaster Logo"
              data-nimg="1"
              decoding="async"
              height="28"
              loading="lazy"
              src="/_next/image?url=%2Fimg.jpg&w=64&q=75"
              srcset="/_next/image?url=%2Fimg.jpg&w=32&q=75 1x, /_next/image?url=%2Fimg.jpg&w=64&q=75 2x"
              style="color: transparent;"
              width="28"
            />
            <span
              class="logo-text"
            >
              Paymasters
            </span>
          </div>
          <form
            class="newsletter-form"
          >
            <div
              class="form-header"
            >
              Subscribe to our news letter
            </div>
            <div
              class="form-group"
            >
              <div
                class="form-control"
              >
                <input
                  class="form-input"
                  placeholder="Enter your Email"
                  type="text"
                />
              </div>
              <button
                class="cta"
              >
                Subscribe
              </button>
            </div>
          </form>
        </section>
        <section
          class="links-section"
        >
          <p
            class="copy"
          >
            â’¸ 2023 Paymasters. All rights reserved
          </p>
          <div
            class="links"
          >
            <ul
              class="socials links-list"
            >
              <li
                class="link-item"
              >
                <a
                  href="#"
                >
                  Discord
                </a>
              </li>
              <li
                class="link-item"
              >
                <a
                  href="#"
                >
                  Telegram
                </a>
              </li>
              <li
                class="link-item"
              >
                <a
                  href="#"
                >
                  Twitter
                </a>
              </li>
              <li
                class="link-item"
              >
                <a
                  href="#"
                >
                  GitHub
                </a>
              </li>
            </ul>
            <ul
              class="site links-list"
            >
              <li
                class="link-item"
              >
                <a
                  href="/dev"
                >
                  Contact
                </a>
              </li>
              <li
                class="link-item"
              >
                <a
                  href="/dev"
                >
                  Privacy
                </a>
              </li>
            </ul>
          </div>
        </section>
      </div>
    </footer>
  </div>,
  "debug": [Function],
  "findAllByAltText": [Function],
  "findAllByDisplayValue": [Function],
  "findAllByLabelText": [Function],
  "findAllByPlaceholderText": [Function],
  "findAllByRole": [Function],
  "findAllByTestId": [Function],
  "findAllByText": [Function],
  "findAllByTitle": [Function],
  "findByAltText": [Function],
  "findByDisplayValue": [Function],
  "findByLabelText": [Function],
  "findByPlaceholderText": [Function],
  "findByRole": [Function],
  "findByTestId": [Function],
  "findByText": [Function],
  "findByTitle": [Function],
  "getAllByAltText": [Function],
  "getAllByDisplayValue": [Function],
  "getAllByLabelText": [Function],
  "getAllByPlaceholderText": [Function],
  "getAllByRole": [Function],
  "getAllByTestId": [Function],
  "getAllByText": [Function],
  "getAllByTitle": [Function],
  "getByAltText": [Function],
  "getByDisplayValue": [Function],
  "getByLabelText": [Function],
  "getByPlaceholderText": [Function],
  "getByRole": [Function],
  "getByTestId": [Function],
  "getByText": [Function],
  "getByTitle": [Function],
  "queryAllByAltText": [Function],
  "queryAllByDisplayValue": [Function],
  "queryAllByLabelText": [Function],
  "queryAllByPlaceholderText": [Function],
  "queryAllByRole": [Function],
  "queryAllByTestId": [Function],
  "queryAllByText": [Function],
  "queryAllByTitle": [Function],
  "queryByAltText": [Function],
  "queryByDisplayValue": [Function],
  "queryByLabelText": [Function],
  "queryByPlaceholderText": [Function],
  "queryByRole": [Function],
  "queryByTestId": [Function],
  "queryByText": [Function],
  "queryByTitle": [Function],
  "rerender": [Function],
  "unmount": [Function],
}
`;
